// Jest Snapshot v1, https://goo.gl/fbAQLP

exports[`<Form /> Basic smoke tests should match snapshot 1`] = `
<form
  name="Name ipsum"
>
  <div
    class="get_sprinkles_color_text_low_contrast__eiij7b1k get_sprinkles_marginBottom_spacing_3__eiij7b48"
  >
    <label
      class="get_sprinkles_alignItems_center__eiij7b2 get_sprinkles_color_text_low_contrast__eiij7b1k get_sprinkles_display_flex_mobile__eiij7b8n get_sprinkles_fontSize_body_sm__eiij7b21 get_sprinkles_fontWeight_normal__eiij7b2g get_sprinkles_gap_spacing_0.5_mobile__eiij7b9w get_sprinkles_marginBottom_spacing_0.5__eiij7b44"
      for="email"
    >
      Email label
    </label>
    <div
      class="get_sprinkles_position_relative_mobile__eiij7bg8"
    >
      <input
        class="input.styles_getInputStyles__3x32wp9 input.styles__3x32wp8 get_sprinkles_width_100%_mobile__eiij7bgk a11y_a11yDisabled__r8he5t1 input.styles_getInputStyles_hasBorder_true__3x32wpb input.styles_hasBorder_true__3x32wp7 input.styles_getInputStyles_size_md__3x32wpd input.styles_size_md__3x32wp4 element_size_elementFontSize_md__1f6zrv4 element_size__1f6zrv1 get_sprinkles_fontSize_body_md__eiij7b20 get_sprinkles_lineHeight_body_md__eiij7b3e element_size_elementPadding_md__1f6zrva element_size__1f6zrv7 get_sprinkles_paddingLeft_spacing_1.5_mobile__eiij7bdw get_sprinkles_paddingRight_spacing_1.5_mobile__eiij7bet get_sprinkles_paddingTop_spacing_1_mobile__eiij7bfn get_sprinkles_paddingBottom_spacing_1_mobile__eiij7bcw input.styles__3x32wp1 get_sprinkles_height_spacing_5__eiij7b32"
        id="email"
        name="email"
        placeholder="Enter your email address"
        value=""
      />
    </div>
  </div>
  <div
    class="get_sprinkles_color_text_low_contrast__eiij7b1k get_sprinkles_marginBottom_spacing_3__eiij7b48"
  >
    <label
      class="get_sprinkles_alignItems_center__eiij7b2 get_sprinkles_color_text_low_contrast__eiij7b1k get_sprinkles_display_flex_mobile__eiij7b8n get_sprinkles_fontSize_body_sm__eiij7b21 get_sprinkles_fontWeight_normal__eiij7b2g get_sprinkles_gap_spacing_0.5_mobile__eiij7b9w get_sprinkles_marginBottom_spacing_0.5__eiij7b44"
      for="description"
    >
      Description label
    </label>
    <div
      class="get_sprinkles_alignItems_start__eiij7b1 get_sprinkles_display_flex_mobile__eiij7b8n get_sprinkles_gap_spacing_1_mobile__eiij7b9z"
    >
      <textarea
        aria-invalid="false"
        aria-label="Description label"
        class="text_area.styles_getTextAreaStyles__1l2bu6h7 text_area.styles__1l2bu6h6 get_sprinkles_width_100%_mobile__eiij7bgk a11y_a11yDisabled__r8he5t1 a11y_a11yFocus__r8he5t2 text_area.styles_getTextAreaStyles_size_md__1l2bu6h9 text_area.styles_size_md__1l2bu6h4 element_size_elementFontSize_md__1f6zrv4 element_size__1f6zrv1 get_sprinkles_fontSize_body_md__eiij7b20 get_sprinkles_lineHeight_body_md__eiij7b3e element_size_elementPadding_md__1f6zrva element_size__1f6zrv7 get_sprinkles_paddingLeft_spacing_1.5_mobile__eiij7bdw get_sprinkles_paddingRight_spacing_1.5_mobile__eiij7bet get_sprinkles_paddingTop_spacing_1_mobile__eiij7bfn get_sprinkles_paddingBottom_spacing_1_mobile__eiij7bcw text_area.styles__1l2bu6h1 get_sprinkles_minHeight_spacing_5__eiij7b78"
        id="description"
        name="description"
        placeholder="Enter your description"
      />
    </div>
  </div>
  <div
    class="get_sprinkles_marginBottom_spacing_3__eiij7b48"
  >
    <div
      class="get_sprinkles_position_relative_mobile__eiij7bg8"
    >
      <div
        class="get_sprinkles_background_transparent__eiij7bp"
      >
        <div
          class="get_sprinkles_color_text_low_contrast__eiij7b1k"
        >
          <label
            class="get_sprinkles_alignItems_center__eiij7b2 get_sprinkles_color_text_low_contrast__eiij7b1k get_sprinkles_display_flex_mobile__eiij7b8n get_sprinkles_fontSize_body_sm__eiij7b21 get_sprinkles_fontWeight_normal__eiij7b2g get_sprinkles_gap_spacing_0.5_mobile__eiij7b9w get_sprinkles_marginBottom_spacing_0.5__eiij7b44"
            for="select"
            id="downshift-2-label"
          >
            Dropdown label
          </label>
          <div
            class="get_sprinkles_position_relative_mobile__eiij7bg8"
          >
            <input
              aria-activedescendant=""
              aria-autocomplete="list"
              aria-controls="downshift-2-menu"
              aria-expanded="false"
              aria-labelledby="downshift-2-label"
              autocomplete="off"
              class="slot_wrapper_inset.styles_offsetSlotRightStyle__1r5w8ord input.styles_getInputStyles__3x32wp9 input.styles__3x32wp8 get_sprinkles_width_100%_mobile__eiij7bgk a11y_a11yDisabled__r8he5t1 input.styles_getInputStyles_hasBorder_true__3x32wpb input.styles_hasBorder_true__3x32wp7 input.styles_getInputStyles_size_md__3x32wpd input.styles_size_md__3x32wp4 element_size_elementFontSize_md__1f6zrv4 element_size__1f6zrv1 get_sprinkles_fontSize_body_md__eiij7b20 get_sprinkles_lineHeight_body_md__eiij7b3e element_size_elementPadding_md__1f6zrva element_size__1f6zrv7 get_sprinkles_paddingLeft_spacing_1.5_mobile__eiij7bdw get_sprinkles_paddingRight_spacing_1.5_mobile__eiij7bet get_sprinkles_paddingTop_spacing_1_mobile__eiij7bfn get_sprinkles_paddingBottom_spacing_1_mobile__eiij7bcw input.styles__3x32wp1 get_sprinkles_height_spacing_5__eiij7b32 select_input.styles_selectInputCursorStyles__1bkra5a0"
              id="select"
              name="select"
              placeholder="Select an option from the dropdown"
              readonly=""
              role="combobox"
              value=""
            />
            <div
              class="slot_wrapper_inset.styles_slotOuterStyle__1r5w8or7 slot_wrapper_inset.styles__1r5w8or6 get_sprinkles_alignItems_center__eiij7b2 get_sprinkles_bottom_0__eiij7b15 get_sprinkles_color_inherit__eiij7b1o get_sprinkles_display_flex_mobile__eiij7b8n get_sprinkles_flexShrink_0__eiij7b1v get_sprinkles_height_100%__eiij7b2j get_sprinkles_justifyContent_center__eiij7b38 get_sprinkles_position_absolute_mobile__eiij7bgb get_sprinkles_top_0__eiij7b8f get_sprinkles_width_spacing_5_mobile__eiij7biq get_sprinkles_right_0__eiij7b85"
            >
              <div
                class="slot_wrapper_inset.styles_getSlotInnerStyles__1r5w8or9 slot_wrapper_inset.styles__1r5w8or8 get_sprinkles_alignItems_center__eiij7b2 get_sprinkles_display_flex_mobile__eiij7b8n get_sprinkles_justifyContent_center__eiij7b38 slot_wrapper_inset.styles_getSlotInnerStyles_size_md__1r5w8orb slot_wrapper_inset.styles_slotSize_md__1r5w8or4 slot_wrapper_inset.styles__1r5w8or1 get_sprinkles_maxHeight_spacing_2__eiij7b5q get_sprinkles_maxWidth_spacing_2__eiij7b6j"
              >
                <svg
                  aria-hidden="true"
                  class="svg-inline--fa fa-angle-down icon.styles_icon__15uu6ts0 get_sprinkles_flexShrink_0__eiij7b1v"
                  data-icon="angle-down"
                  data-prefix="fal"
                  focusable="false"
                  role="img"
                  viewBox="0 0 448 512"
                  xmlns="http://www.w3.org/2000/svg"
                >
                  <path
                    d="M212.7 331.3c6.2 6.2 16.4 6.2 22.6 0l160-160c6.2-6.2 6.2-16.4 0-22.6s-16.4-6.2-22.6 0L224 297.4 75.3 148.7c-6.2-6.2-16.4-6.2-22.6 0s-6.2 16.4 0 22.6l160 160z"
                    fill="currentColor"
                  />
                </svg>
              </div>
            </div>
          </div>
        </div>
      </div>
      <dialog
        aria-labelledby="downshift-2-label"
        class="dropdown_menu.styles_dropdownListWrapper__ofq1dt1 a11y_a11yFocus__r8he5t2 dropdown_menu.styles__ofq1dt0 get_sprinkles_background_background__eiij7ba get_sprinkles_border_border_default__eiij7br get_sprinkles_borderRadius_sm__eiij7b10 get_sprinkles_boxShadow_md__eiij7b17 get_sprinkles_marginTop_spacing_1__eiij7b52 get_sprinkles_minWidth_100%__eiij7b7b get_sprinkles_overflow_hidden__eiij7b83 get_sprinkles_overflowY_auto__eiij7b84 get_sprinkles_width_max-content_mobile__eiij7bhw dialog.styles_getDialogStyles__mfom5p7 animations_animateFadeIn__apgy12 dialog.styles__mfom5p6 get_sprinkles_overflow_hidden__eiij7b83 get_sprinkles_padding_none_mobile__eiij7bbq get_sprinkles_zIndex_1__eiij7b8j dialog.styles_getDialogStyles_placement_bottom-start__mfom5pa dialog.styles_placement_bottom-start__mfom5p2 get_sprinkles_width_100%_mobile__eiij7bgk"
        id="downshift-2-menu"
        role="listbox"
      >
        <div
          class="dialog.styles_dialogContentStyles__mfom5pe"
        >
          <li
            aria-selected="false"
            class="dropdown_item.styles_getDropdownItemStyles__k59qmp7 dropdown_item.styles__k59qmp6 get_sprinkles_alignItems_center__eiij7b2 get_sprinkles_color_text_low_contrast__eiij7b1k get_sprinkles_display_flex_mobile__eiij7b8n get_sprinkles_gap_spacing_1_mobile__eiij7b9z get_sprinkles_margin_none__eiij7b3r get_sprinkles_padding_spacing_1_mobile__eiij7bbz get_sprinkles_textAlign_left__eiij7b87 get_sprinkles_textDecoration_none__eiij7b8a get_sprinkles_width_100%_mobile__eiij7bgk a11y_a11yDisabled__r8he5t1 a11y_a11yFocus__r8he5t2 dropdown_item.styles_getDropdownItemStyles_size_md__k59qmp9 dropdown_item.styles_size_md__k59qmp4 element_size_elementFontSize_md__1f6zrv4 element_size__1f6zrv1 get_sprinkles_fontSize_body_md__eiij7b20 get_sprinkles_lineHeight_body_md__eiij7b3e element_size_elementPadding_md__1f6zrva element_size__1f6zrv7 get_sprinkles_paddingLeft_spacing_1.5_mobile__eiij7bdw get_sprinkles_paddingRight_spacing_1.5_mobile__eiij7bet get_sprinkles_paddingTop_spacing_1_mobile__eiij7bfn get_sprinkles_paddingBottom_spacing_1_mobile__eiij7bcw dropdown_item.styles__k59qmp1 get_sprinkles_height_spacing_5__eiij7b32 get_sprinkles_alignItems_center__eiij7b2 get_sprinkles_display_flex_mobile__eiij7b8n get_sprinkles_gap_spacing_1_mobile__eiij7b9z"
            id="downshift-2-item-0"
            role="option"
            value="uk"
          >
            <div
              class="get_sprinkles_flexShrink_0__eiij7b1v"
            >
              United Kingdom
            </div>
          </li>
          <li
            aria-selected="false"
            class="dropdown_item.styles_getDropdownItemStyles__k59qmp7 dropdown_item.styles__k59qmp6 get_sprinkles_alignItems_center__eiij7b2 get_sprinkles_color_text_low_contrast__eiij7b1k get_sprinkles_display_flex_mobile__eiij7b8n get_sprinkles_gap_spacing_1_mobile__eiij7b9z get_sprinkles_margin_none__eiij7b3r get_sprinkles_padding_spacing_1_mobile__eiij7bbz get_sprinkles_textAlign_left__eiij7b87 get_sprinkles_textDecoration_none__eiij7b8a get_sprinkles_width_100%_mobile__eiij7bgk a11y_a11yDisabled__r8he5t1 a11y_a11yFocus__r8he5t2 dropdown_item.styles_getDropdownItemStyles_size_md__k59qmp9 dropdown_item.styles_size_md__k59qmp4 element_size_elementFontSize_md__1f6zrv4 element_size__1f6zrv1 get_sprinkles_fontSize_body_md__eiij7b20 get_sprinkles_lineHeight_body_md__eiij7b3e element_size_elementPadding_md__1f6zrva element_size__1f6zrv7 get_sprinkles_paddingLeft_spacing_1.5_mobile__eiij7bdw get_sprinkles_paddingRight_spacing_1.5_mobile__eiij7bet get_sprinkles_paddingTop_spacing_1_mobile__eiij7bfn get_sprinkles_paddingBottom_spacing_1_mobile__eiij7bcw dropdown_item.styles__k59qmp1 get_sprinkles_height_spacing_5__eiij7b32 get_sprinkles_alignItems_center__eiij7b2 get_sprinkles_display_flex_mobile__eiij7b8n get_sprinkles_gap_spacing_1_mobile__eiij7b9z"
            id="downshift-2-item-1"
            role="option"
            value="fr"
          >
            <div
              class="get_sprinkles_flexShrink_0__eiij7b1v"
            >
              France
            </div>
          </li>
          <li
            aria-selected="false"
            class="dropdown_item.styles_getDropdownItemStyles__k59qmp7 dropdown_item.styles__k59qmp6 get_sprinkles_alignItems_center__eiij7b2 get_sprinkles_color_text_low_contrast__eiij7b1k get_sprinkles_display_flex_mobile__eiij7b8n get_sprinkles_gap_spacing_1_mobile__eiij7b9z get_sprinkles_margin_none__eiij7b3r get_sprinkles_padding_spacing_1_mobile__eiij7bbz get_sprinkles_textAlign_left__eiij7b87 get_sprinkles_textDecoration_none__eiij7b8a get_sprinkles_width_100%_mobile__eiij7bgk a11y_a11yDisabled__r8he5t1 a11y_a11yFocus__r8he5t2 dropdown_item.styles_getDropdownItemStyles_size_md__k59qmp9 dropdown_item.styles_size_md__k59qmp4 element_size_elementFontSize_md__1f6zrv4 element_size__1f6zrv1 get_sprinkles_fontSize_body_md__eiij7b20 get_sprinkles_lineHeight_body_md__eiij7b3e element_size_elementPadding_md__1f6zrva element_size__1f6zrv7 get_sprinkles_paddingLeft_spacing_1.5_mobile__eiij7bdw get_sprinkles_paddingRight_spacing_1.5_mobile__eiij7bet get_sprinkles_paddingTop_spacing_1_mobile__eiij7bfn get_sprinkles_paddingBottom_spacing_1_mobile__eiij7bcw dropdown_item.styles__k59qmp1 get_sprinkles_height_spacing_5__eiij7b32 get_sprinkles_alignItems_center__eiij7b2 get_sprinkles_display_flex_mobile__eiij7b8n get_sprinkles_gap_spacing_1_mobile__eiij7b9z"
            id="downshift-2-item-2"
            role="option"
            value="de"
          >
            <div
              class="get_sprinkles_flexShrink_0__eiij7b1v"
            >
              Germany
            </div>
          </li>
          <li
            aria-selected="false"
            class="dropdown_item.styles_getDropdownItemStyles__k59qmp7 dropdown_item.styles__k59qmp6 get_sprinkles_alignItems_center__eiij7b2 get_sprinkles_color_text_low_contrast__eiij7b1k get_sprinkles_display_flex_mobile__eiij7b8n get_sprinkles_gap_spacing_1_mobile__eiij7b9z get_sprinkles_margin_none__eiij7b3r get_sprinkles_padding_spacing_1_mobile__eiij7bbz get_sprinkles_textAlign_left__eiij7b87 get_sprinkles_textDecoration_none__eiij7b8a get_sprinkles_width_100%_mobile__eiij7bgk a11y_a11yDisabled__r8he5t1 a11y_a11yFocus__r8he5t2 dropdown_item.styles_getDropdownItemStyles_size_md__k59qmp9 dropdown_item.styles_size_md__k59qmp4 element_size_elementFontSize_md__1f6zrv4 element_size__1f6zrv1 get_sprinkles_fontSize_body_md__eiij7b20 get_sprinkles_lineHeight_body_md__eiij7b3e element_size_elementPadding_md__1f6zrva element_size__1f6zrv7 get_sprinkles_paddingLeft_spacing_1.5_mobile__eiij7bdw get_sprinkles_paddingRight_spacing_1.5_mobile__eiij7bet get_sprinkles_paddingTop_spacing_1_mobile__eiij7bfn get_sprinkles_paddingBottom_spacing_1_mobile__eiij7bcw dropdown_item.styles__k59qmp1 get_sprinkles_height_spacing_5__eiij7b32 get_sprinkles_alignItems_center__eiij7b2 get_sprinkles_display_flex_mobile__eiij7b8n get_sprinkles_gap_spacing_1_mobile__eiij7b9z"
            id="downshift-2-item-3"
            role="option"
            value="es"
          >
            <div
              class="get_sprinkles_flexShrink_0__eiij7b1v"
            >
              Spain
            </div>
          </li>
          <li
            aria-selected="false"
            class="dropdown_item.styles_getDropdownItemStyles__k59qmp7 dropdown_item.styles__k59qmp6 get_sprinkles_alignItems_center__eiij7b2 get_sprinkles_color_text_low_contrast__eiij7b1k get_sprinkles_display_flex_mobile__eiij7b8n get_sprinkles_gap_spacing_1_mobile__eiij7b9z get_sprinkles_margin_none__eiij7b3r get_sprinkles_padding_spacing_1_mobile__eiij7bbz get_sprinkles_textAlign_left__eiij7b87 get_sprinkles_textDecoration_none__eiij7b8a get_sprinkles_width_100%_mobile__eiij7bgk a11y_a11yDisabled__r8he5t1 a11y_a11yFocus__r8he5t2 dropdown_item.styles_getDropdownItemStyles_size_md__k59qmp9 dropdown_item.styles_size_md__k59qmp4 element_size_elementFontSize_md__1f6zrv4 element_size__1f6zrv1 get_sprinkles_fontSize_body_md__eiij7b20 get_sprinkles_lineHeight_body_md__eiij7b3e element_size_elementPadding_md__1f6zrva element_size__1f6zrv7 get_sprinkles_paddingLeft_spacing_1.5_mobile__eiij7bdw get_sprinkles_paddingRight_spacing_1.5_mobile__eiij7bet get_sprinkles_paddingTop_spacing_1_mobile__eiij7bfn get_sprinkles_paddingBottom_spacing_1_mobile__eiij7bcw dropdown_item.styles__k59qmp1 get_sprinkles_height_spacing_5__eiij7b32 get_sprinkles_alignItems_center__eiij7b2 get_sprinkles_display_flex_mobile__eiij7b8n get_sprinkles_gap_spacing_1_mobile__eiij7b9z"
            id="downshift-2-item-4"
            role="option"
            value="gb"
          >
            <div
              class="get_sprinkles_flexShrink_0__eiij7b1v"
            >
              The United Kingdom of Great Britain and Northern Ireland
            </div>
          </li>
          <li
            aria-selected="false"
            class="dropdown_item.styles_getDropdownItemStyles__k59qmp7 dropdown_item.styles__k59qmp6 get_sprinkles_alignItems_center__eiij7b2 get_sprinkles_color_text_low_contrast__eiij7b1k get_sprinkles_display_flex_mobile__eiij7b8n get_sprinkles_gap_spacing_1_mobile__eiij7b9z get_sprinkles_margin_none__eiij7b3r get_sprinkles_padding_spacing_1_mobile__eiij7bbz get_sprinkles_textAlign_left__eiij7b87 get_sprinkles_textDecoration_none__eiij7b8a get_sprinkles_width_100%_mobile__eiij7bgk a11y_a11yDisabled__r8he5t1 a11y_a11yFocus__r8he5t2 dropdown_item.styles_getDropdownItemStyles_size_md__k59qmp9 dropdown_item.styles_size_md__k59qmp4 element_size_elementFontSize_md__1f6zrv4 element_size__1f6zrv1 get_sprinkles_fontSize_body_md__eiij7b20 get_sprinkles_lineHeight_body_md__eiij7b3e element_size_elementPadding_md__1f6zrva element_size__1f6zrv7 get_sprinkles_paddingLeft_spacing_1.5_mobile__eiij7bdw get_sprinkles_paddingRight_spacing_1.5_mobile__eiij7bet get_sprinkles_paddingTop_spacing_1_mobile__eiij7bfn get_sprinkles_paddingBottom_spacing_1_mobile__eiij7bcw dropdown_item.styles__k59qmp1 get_sprinkles_height_spacing_5__eiij7b32 get_sprinkles_alignItems_center__eiij7b2 get_sprinkles_display_flex_mobile__eiij7b8n get_sprinkles_gap_spacing_1_mobile__eiij7b9z"
            id="downshift-2-item-5"
            role="option"
            value="it"
          >
            <div
              class="get_sprinkles_flexShrink_0__eiij7b1v"
            >
              Italy
            </div>
          </li>
          <li
            aria-selected="false"
            class="dropdown_item.styles_getDropdownItemStyles__k59qmp7 dropdown_item.styles__k59qmp6 get_sprinkles_alignItems_center__eiij7b2 get_sprinkles_color_text_low_contrast__eiij7b1k get_sprinkles_display_flex_mobile__eiij7b8n get_sprinkles_gap_spacing_1_mobile__eiij7b9z get_sprinkles_margin_none__eiij7b3r get_sprinkles_padding_spacing_1_mobile__eiij7bbz get_sprinkles_textAlign_left__eiij7b87 get_sprinkles_textDecoration_none__eiij7b8a get_sprinkles_width_100%_mobile__eiij7bgk a11y_a11yDisabled__r8he5t1 a11y_a11yFocus__r8he5t2 dropdown_item.styles_getDropdownItemStyles_size_md__k59qmp9 dropdown_item.styles_size_md__k59qmp4 element_size_elementFontSize_md__1f6zrv4 element_size__1f6zrv1 get_sprinkles_fontSize_body_md__eiij7b20 get_sprinkles_lineHeight_body_md__eiij7b3e element_size_elementPadding_md__1f6zrva element_size__1f6zrv7 get_sprinkles_paddingLeft_spacing_1.5_mobile__eiij7bdw get_sprinkles_paddingRight_spacing_1.5_mobile__eiij7bet get_sprinkles_paddingTop_spacing_1_mobile__eiij7bfn get_sprinkles_paddingBottom_spacing_1_mobile__eiij7bcw dropdown_item.styles__k59qmp1 get_sprinkles_height_spacing_5__eiij7b32 get_sprinkles_alignItems_center__eiij7b2 get_sprinkles_display_flex_mobile__eiij7b8n get_sprinkles_gap_spacing_1_mobile__eiij7b9z"
            id="downshift-2-item-6"
            role="option"
            value="pt"
          >
            <div
              class="get_sprinkles_flexShrink_0__eiij7b1v"
            >
              Portugal
            </div>
          </li>
          <li
            aria-selected="false"
            class="dropdown_item.styles_getDropdownItemStyles__k59qmp7 dropdown_item.styles__k59qmp6 get_sprinkles_alignItems_center__eiij7b2 get_sprinkles_color_text_low_contrast__eiij7b1k get_sprinkles_display_flex_mobile__eiij7b8n get_sprinkles_gap_spacing_1_mobile__eiij7b9z get_sprinkles_margin_none__eiij7b3r get_sprinkles_padding_spacing_1_mobile__eiij7bbz get_sprinkles_textAlign_left__eiij7b87 get_sprinkles_textDecoration_none__eiij7b8a get_sprinkles_width_100%_mobile__eiij7bgk a11y_a11yDisabled__r8he5t1 a11y_a11yFocus__r8he5t2 dropdown_item.styles_getDropdownItemStyles_size_md__k59qmp9 dropdown_item.styles_size_md__k59qmp4 element_size_elementFontSize_md__1f6zrv4 element_size__1f6zrv1 get_sprinkles_fontSize_body_md__eiij7b20 get_sprinkles_lineHeight_body_md__eiij7b3e element_size_elementPadding_md__1f6zrva element_size__1f6zrv7 get_sprinkles_paddingLeft_spacing_1.5_mobile__eiij7bdw get_sprinkles_paddingRight_spacing_1.5_mobile__eiij7bet get_sprinkles_paddingTop_spacing_1_mobile__eiij7bfn get_sprinkles_paddingBottom_spacing_1_mobile__eiij7bcw dropdown_item.styles__k59qmp1 get_sprinkles_height_spacing_5__eiij7b32 get_sprinkles_alignItems_center__eiij7b2 get_sprinkles_display_flex_mobile__eiij7b8n get_sprinkles_gap_spacing_1_mobile__eiij7b9z"
            id="downshift-2-item-7"
            role="option"
            value="us"
          >
            <div
              class="get_sprinkles_flexShrink_0__eiij7b1v"
            >
              United States
            </div>
          </li>
          <li
            aria-selected="false"
            class="dropdown_item.styles_getDropdownItemStyles__k59qmp7 dropdown_item.styles__k59qmp6 get_sprinkles_alignItems_center__eiij7b2 get_sprinkles_color_text_low_contrast__eiij7b1k get_sprinkles_display_flex_mobile__eiij7b8n get_sprinkles_gap_spacing_1_mobile__eiij7b9z get_sprinkles_margin_none__eiij7b3r get_sprinkles_padding_spacing_1_mobile__eiij7bbz get_sprinkles_textAlign_left__eiij7b87 get_sprinkles_textDecoration_none__eiij7b8a get_sprinkles_width_100%_mobile__eiij7bgk a11y_a11yDisabled__r8he5t1 a11y_a11yFocus__r8he5t2 dropdown_item.styles_getDropdownItemStyles_size_md__k59qmp9 dropdown_item.styles_size_md__k59qmp4 element_size_elementFontSize_md__1f6zrv4 element_size__1f6zrv1 get_sprinkles_fontSize_body_md__eiij7b20 get_sprinkles_lineHeight_body_md__eiij7b3e element_size_elementPadding_md__1f6zrva element_size__1f6zrv7 get_sprinkles_paddingLeft_spacing_1.5_mobile__eiij7bdw get_sprinkles_paddingRight_spacing_1.5_mobile__eiij7bet get_sprinkles_paddingTop_spacing_1_mobile__eiij7bfn get_sprinkles_paddingBottom_spacing_1_mobile__eiij7bcw dropdown_item.styles__k59qmp1 get_sprinkles_height_spacing_5__eiij7b32 get_sprinkles_alignItems_center__eiij7b2 get_sprinkles_display_flex_mobile__eiij7b8n get_sprinkles_gap_spacing_1_mobile__eiij7b9z"
            id="downshift-2-item-8"
            role="option"
            value="ca"
          >
            <div
              class="get_sprinkles_flexShrink_0__eiij7b1v"
            >
              Canada
            </div>
          </li>
          <li
            aria-selected="false"
            class="dropdown_item.styles_getDropdownItemStyles__k59qmp7 dropdown_item.styles__k59qmp6 get_sprinkles_alignItems_center__eiij7b2 get_sprinkles_color_text_low_contrast__eiij7b1k get_sprinkles_display_flex_mobile__eiij7b8n get_sprinkles_gap_spacing_1_mobile__eiij7b9z get_sprinkles_margin_none__eiij7b3r get_sprinkles_padding_spacing_1_mobile__eiij7bbz get_sprinkles_textAlign_left__eiij7b87 get_sprinkles_textDecoration_none__eiij7b8a get_sprinkles_width_100%_mobile__eiij7bgk a11y_a11yDisabled__r8he5t1 a11y_a11yFocus__r8he5t2 dropdown_item.styles_getDropdownItemStyles_size_md__k59qmp9 dropdown_item.styles_size_md__k59qmp4 element_size_elementFontSize_md__1f6zrv4 element_size__1f6zrv1 get_sprinkles_fontSize_body_md__eiij7b20 get_sprinkles_lineHeight_body_md__eiij7b3e element_size_elementPadding_md__1f6zrva element_size__1f6zrv7 get_sprinkles_paddingLeft_spacing_1.5_mobile__eiij7bdw get_sprinkles_paddingRight_spacing_1.5_mobile__eiij7bet get_sprinkles_paddingTop_spacing_1_mobile__eiij7bfn get_sprinkles_paddingBottom_spacing_1_mobile__eiij7bcw dropdown_item.styles__k59qmp1 get_sprinkles_height_spacing_5__eiij7b32 get_sprinkles_alignItems_center__eiij7b2 get_sprinkles_display_flex_mobile__eiij7b8n get_sprinkles_gap_spacing_1_mobile__eiij7b9z"
            id="downshift-2-item-9"
            role="option"
            value="au"
          >
            <div
              class="get_sprinkles_flexShrink_0__eiij7b1v"
            >
              Australia
            </div>
          </li>
        </div>
      </dialog>
    </div>
  </div>
  <div
    class="get_sprinkles_color_text_low_contrast__eiij7b1k get_sprinkles_marginBottom_spacing_3__eiij7b48"
  >
    <label
      class="get_sprinkles_alignItems_center__eiij7b2 get_sprinkles_color_text_low_contrast__eiij7b1k get_sprinkles_display_flex_mobile__eiij7b8n get_sprinkles_fontSize_body_sm__eiij7b21 get_sprinkles_fontWeight_normal__eiij7b2g get_sprinkles_gap_spacing_0.5_mobile__eiij7b9w get_sprinkles_marginBottom_spacing_0.5__eiij7b44"
      for="amount"
      id="amount-label"
    >
      Slider label
    </label>
    <div
      class="get_sprinkles_alignItems_center__eiij7b2 get_sprinkles_display_flex_mobile__eiij7b8n get_sprinkles_gap_spacing_1_mobile__eiij7b9z"
    >
      <span
        aria-disabled="false"
        aria-label="amount"
        aria-labelledby="amount-label"
        class="slider.styles_sliderRoot__1aufb7k1 slider.styles__1aufb7k0 get_sprinkles_marginTop_spacing_1__eiij7b52 get_sprinkles_marginBottom_spacing_1__eiij7b45 get_sprinkles_alignItems_center__eiij7b2 get_sprinkles_display_flex_mobile__eiij7b8n get_sprinkles_position_relative_mobile__eiij7bg8 get_sprinkles_width_100%_mobile__eiij7bgk"
        data-orientation="horizontal"
        dir="ltr"
        id="amount"
        placeholder="Enter an amount"
        style="--radix-slider-thumb-transform: translateX(-50%);"
      >
        <span
          class="slider.styles_sliderTrack__1aufb7k3 slider.styles__1aufb7k2 get_sprinkles_borderRadius_sm__eiij7b10 get_sprinkles_position_relative_mobile__eiij7bg8"
          data-orientation="horizontal"
        >
          <span
            class="slider.styles_sliderRange__1aufb7k5 slider.styles__1aufb7k4 get_sprinkles_background_button_default__eiij7bf get_sprinkles_borderRadius_pill__eiij7bz get_sprinkles_height_100%__eiij7b2j get_sprinkles_position_absolute_mobile__eiij7bgb"
            data-orientation="horizontal"
            style="left: 0%; right: 100%;"
          />
        </span>
        <span
          style="transform: var(--radix-slider-thumb-transform); position: absolute; left: calc(0% + 0px);"
        >
          <span
            aria-orientation="horizontal"
            aria-valuemax="100"
            aria-valuemin="0"
            aria-valuenow="0"
            class="slider.styles_sliderThumb__1aufb7k7 slider.styles__1aufb7k6 get_sprinkles_background_tint_default__eiij7bm get_sprinkles_border_border_active__eiij7bq get_sprinkles_borderRadius_50%__eiij7bw get_sprinkles_display_block_mobile__eiij7b8k get_sprinkles_height_spacing_3__eiij7b30 get_sprinkles_width_spacing_3_mobile__eiij7bik"
            data-orientation="horizontal"
            data-radix-collection-item=""
            role="slider"
            style=""
            tabindex="0"
          />
        </span>
      </span>
      <input
        name="amount"
        style="display: none;"
        value="0"
      />
    </div>
  </div>
  <button
    class="button.styles_getButtonStyles__3vuwsir a11y_a11yFocus__r8he5t2 a11y_a11yDisabled__r8he5t1 button.styles__3vuwsih get_sprinkles_alignItems_center__eiij7b2 get_sprinkles_borderRadius_sm__eiij7b10 get_sprinkles_display_inline-flex_mobile__eiij7b8z get_sprinkles_gap_spacing_1_mobile__eiij7b9z get_sprinkles_textDecoration_none__eiij7b8a button.styles_getButtonStyles_appearance_primary__3vuwsiu button.styles_variantAppearance_primary__3vuwsie button.styles__3vuwsi9 get_sprinkles_fontWeight_normal__eiij7b2g get_sprinkles_justifyContent_center__eiij7b38 get_sprinkles_whiteSpace_nowrap__eiij7b8g button.styles_getButtonStyles_size_md__3vuwsiy button.styles_variantSize_md__3vuwsi3 element_size_elementFontSize_md__1f6zrv4 element_size__1f6zrv1 get_sprinkles_fontSize_body_md__eiij7b20 get_sprinkles_lineHeight_body_md__eiij7b3e button.styles_getButtonStyles_compound_1__3vuwsi13 element_size_elementPadding_md__1f6zrva element_size__1f6zrv7 get_sprinkles_paddingLeft_spacing_1.5_mobile__eiij7bdw get_sprinkles_paddingRight_spacing_1.5_mobile__eiij7bet get_sprinkles_paddingTop_spacing_1_mobile__eiij7bfn get_sprinkles_paddingBottom_spacing_1_mobile__eiij7bcw button.styles__3vuwsij get_sprinkles_height_spacing_5__eiij7b32 get_sprinkles_width_100%_mobile__eiij7bgk"
    name="submit"
    type="submit"
  >
    <div
      class="get_sprinkles_alignItems_center__eiij7b2 get_sprinkles_display_flex_mobile__eiij7b8n get_sprinkles_gap_spacing_1_mobile__eiij7b9z get_sprinkles_color_inherit__eiij7b1o"
    >
      Submit
      <div
        class="slot_wrapper.styles_getSlotStyles__1xvz5xe7 slot_wrapper.styles__1xvz5xe6 get_sprinkles_alignItems_center__eiij7b2 get_sprinkles_display_flex_mobile__eiij7b8n get_sprinkles_justifyContent_center__eiij7b38 slot_wrapper.styles_getSlotStyles_size_md__1xvz5xe9 slot_wrapper.styles_slotSize_md__1xvz5xe4 slot_wrapper.styles__1xvz5xe1 get_sprinkles_height_spacing_2__eiij7b2z get_sprinkles_width_spacing_2_mobile__eiij7bih get_sprinkles_color_inherit__eiij7b1o get_sprinkles_flexShrink_0__eiij7b1v"
      >
        <svg
          aria-hidden="true"
          class="svg-inline--fa fa-circle-check icon.styles_icon__15uu6ts0 get_sprinkles_flexShrink_0__eiij7b1v"
          data-icon="circle-check"
          data-prefix="fal"
          focusable="false"
          role="img"
          viewBox="0 0 512 512"
          xmlns="http://www.w3.org/2000/svg"
        >
          <path
            d="M256 32a224 224 0 1 1 0 448 224 224 0 1 1 0-448zm0 480A256 256 0 1 0 256 0a256 256 0 1 0 0 512zM363.3 203.3c6.2-6.2 6.2-16.4 0-22.6s-16.4-6.2-22.6 0L224 297.4l-52.7-52.7c-6.2-6.2-16.4-6.2-22.6 0s-6.2 16.4 0 22.6l64 64c6.2 6.2 16.4 6.2 22.6 0l128-128z"
            fill="currentColor"
          />
        </svg>
      </div>
    </div>
  </button>
</form>
`;
