// Jest Snapshot v1, https://goo.gl/fbAQLP

exports[`<FormTextArea /> Basic smoke tests should match snapshot 1`] = `
<textarea
  aria-invalid="false"
  aria-label="Name ipsum"
  class="text_area.styles_getTextAreaStyles__1l2bu6h4 text_area.styles__1l2bu6h3 get_sprinkles_width_100%_mobile__eiij7bb0 a11y_a11yDisabled__r8he5t1 a11y_a11yFocus__r8he5t2 text_area.styles_getTextAreaStyles_size_md__1l2bu6h6 text_area.styles_size_md__1l2bu6h1 element_size_elementFontSize_md__1f6zrv4 element_size__1f6zrv1 get_sprinkles_fontSize_body_md__eiij7b9b get_sprinkles_lineHeight_body_md__eiij7b9n element_size_elementPadding_md__1f6zrva element_size__1f6zrv7 get_sprinkles_paddingLeft_spacing1.5__eiij7b89 get_sprinkles_paddingRight_spacing1.5__eiij7b8k get_sprinkles_paddingTop_spacing1__eiij7b8u get_sprinkles_paddingBottom_spacing1__eiij7b7x"
  name="Name ipsum"
  placeholder="Placeholder ipsum"
/>
`;
