// Jest Snapshot v1, https://goo.gl/fbAQLP

exports[`<SelectSingle /> should match snapshot 1`] = `
<input
  aria-activedescendant=""
  aria-autocomplete="list"
  aria-controls="downshift-2-menu"
  aria-expanded="false"
  aria-labelledby="downshift-2-label"
  autocomplete="off"
  class="slot_wrapper_inset.styles_offsetSlotRight__1r5w8or2 input.styles_getInputStyles__3x32wp4 input.styles__3x32wp3 get_sprinkles_width_100%_mobile__eiij7bda a11y_a11yDisabled__r8he5t1 input.styles_getInputStyles_size_md__3x32wp6 input.styles_size_md__3x32wp1 element_size_elementFontSize_md__1f6zrv4 element_size__1f6zrv1 get_sprinkles_fontSize_body_md__eiij7b28 get_sprinkles_lineHeight_body_md__eiij7b3w element_size_elementPadding_md__1f6zrva element_size__1f6zrv7 get_sprinkles_paddingLeft_spacing1.5__eiij7b9c get_sprinkles_paddingRight_spacing1.5__eiij7b9n get_sprinkles_paddingTop_spacing1__eiij7b9x get_sprinkles_paddingBottom_spacing1__eiij7b90 select_input.styles_selectInputCursorStyles__1bkra5a0"
  id="lorem-ipsum"
  name="Lorem ipsum"
  placeholder="Select a thing"
  readonly=""
  role="combobox"
  value=""
/>
`;
