// Jest Snapshot v1, https://goo.gl/fbAQLP

exports[`<Input /> Basic smoke tests should match snapshot 1`] = `
<input
  class="styles_getInputStyles__1i5hpgs6 styles__1i5hpgs5 get_sprinkles_width_100%_mobile__eiij7bn1 a11y_a11yDisabled__r8he5t1 styles_getInputStyles_hasBorder_true__1i5hpgs8 styles_hasBorder_true__1i5hpgs4 styles_getInputStyles_size_md__1i5hpgsa styles_size_md__1i5hpgs1 element_size_elementFontSize_md__1f6zrv4 element_size__1f6zrv1 get_sprinkles_fontSize_body_md__eiij7b21 get_sprinkles_lineHeight_body_md__eiij7b3n element_size_elementPadding_md__1f6zrva element_size__1f6zrv7 get_sprinkles_paddingLeft_space_3_mobile__eiij7bid get_sprinkles_paddingRight_space_3_mobile__eiij7bjy get_sprinkles_paddingTop_space_2_mobile__eiij7blg get_sprinkles_paddingBottom_space_2_mobile__eiij7bgp"
  name="Name ipsum"
  placeholder="Placeholder ipsum"
  value=""
/>
`;
