// Jest Snapshot v1, https://goo.gl/fbAQLP

exports[`<SelectMulti /> should match snapshot 1`] = `
<input
  aria-activedescendant=""
  aria-autocomplete="list"
  aria-controls="downshift-2-menu"
  aria-expanded="false"
  aria-labelledby="downshift-2-label"
  autocomplete="off"
  class="slot_wrapper_inset.styles_offsetSlotRightStyle__1r5w8ord input.styles_getInputStyles__3x32wp9 input.styles__3x32wp8 get_sprinkles_width_100%_mobile__eiij7bgk a11y_a11yDisabled__r8he5t1 input.styles_getInputStyles_hasBorder_true__3x32wpb input.styles_hasBorder_true__3x32wp7 input.styles_getInputStyles_size_md__3x32wpd input.styles_size_md__3x32wp4 element_size_elementFontSize_md__1f6zrv4 element_size__1f6zrv1 get_sprinkles_fontSize_body_md__eiij7b20 get_sprinkles_lineHeight_body_md__eiij7b3e element_size_elementPadding_md__1f6zrva element_size__1f6zrv7 get_sprinkles_paddingLeft_spacing_1.5_mobile__eiij7bdw get_sprinkles_paddingRight_spacing_1.5_mobile__eiij7bet get_sprinkles_paddingTop_spacing_1_mobile__eiij7bfn get_sprinkles_paddingBottom_spacing_1_mobile__eiij7bcw input.styles__3x32wp1 get_sprinkles_height_spacing_5__eiij7b32 select_input.styles_selectInputCursorStyles__1bkra5a0"
  id="lorem-ipsum"
  name="Lorem ipsum"
  placeholder="Select a thing"
  readonly=""
  role="combobox"
  value=""
/>
`;
