// Jest Snapshot v1, https://goo.gl/fbAQLP

exports[`<SelectSingle /> should match snapshot 1`] = `
<input
  aria-activedescendant=""
  aria-autocomplete="list"
  aria-controls="downshift-2-menu"
  aria-expanded="false"
  aria-labelledby="downshift-2-label"
  autocomplete="off"
  class="styles_offsetSlotRightStyle__crhmtdd styles_getInputStyles__qrymjv9 styles__qrymjv8 get_sprinkles_width_100%_mobile__eiij7bgl a11y_a11yDisabled__r8he5t1 styles_getInputStyles_hasBorder_true__qrymjvb styles_hasBorder_true__qrymjv7 styles_getInputStyles_size_md__qrymjvd styles_size_md__qrymjv4 element_size_elementFontSize_md__1f6zrv4 element_size__1f6zrv1 get_sprinkles_fontSize_body_md__eiij7b21 get_sprinkles_lineHeight_body_md__eiij7b3f element_size_elementPadding_md__1f6zrva element_size__1f6zrv7 get_sprinkles_paddingLeft_spacing_1.5_mobile__eiij7bdx get_sprinkles_paddingRight_spacing_1.5_mobile__eiij7beu get_sprinkles_paddingTop_spacing_1_mobile__eiij7bfo get_sprinkles_paddingBottom_spacing_1_mobile__eiij7bcx styles__qrymjv1 get_sprinkles_height_spacing_5__eiij7b33 select_input.styles_selectInputCursorStyles__vh0x6y0"
  id="lorem-ipsum"
  name="Lorem ipsum"
  placeholder="Select a thing"
  readonly=""
  role="combobox"
  value=""
/>
`;
