// Jest Snapshot v1, https://goo.gl/fbAQLP

exports[`<SelectMulti /> should match snapshot 1`] = `
<input
  aria-activedescendant=""
  aria-autocomplete="list"
  aria-controls="downshift-2-menu"
  aria-expanded="false"
  aria-labelledby="downshift-2-label"
  autocomplete="off"
  class="styles_getSlotRightOffsetStyles__18m4u7ii styles__18m4u7ih get_sprinkles_alignItems_center__eiij7b2 get_sprinkles_display_flex_mobile__eiij7b8q styles_getSlotRightOffsetStyles_numSlots_1__18m4u7ij styles_getSlotRightOffsetStyles_size_md__18m4u7in styles_getSlotRightOffsetStyles_compound_3__18m4u7is styles_getInputStyles__1i5hpgs6 styles__1i5hpgs5 get_sprinkles_width_100%_mobile__eiij7bgn a11y_a11yDisabled__r8he5t1 styles_getInputStyles_hasBorder_true__1i5hpgs8 styles_hasBorder_true__1i5hpgs4 styles_getInputStyles_size_md__1i5hpgsa styles_size_md__1i5hpgs1 element_size_elementFontSize_md__1f6zrv4 element_size__1f6zrv1 get_sprinkles_fontSize_body_md__eiij7b21 get_sprinkles_lineHeight_body_md__eiij7b3f element_size_elementPadding_md__1f6zrva element_size__1f6zrv7 get_sprinkles_paddingLeft_spacing_1.5_mobile__eiij7bdz get_sprinkles_paddingRight_spacing_1.5_mobile__eiij7bew get_sprinkles_paddingTop_spacing_1_mobile__eiij7bfq get_sprinkles_paddingBottom_spacing_1_mobile__eiij7bcz select_input.styles_selectInputCursorStyles__1bkra5a0"
  id="lorem-ipsum"
  name="Lorem ipsum"
  placeholder="Select a thing"
  readonly=""
  role="combobox"
  value=""
/>
`;
