// Jest Snapshot v1, https://goo.gl/fbAQLP

exports[`<DialogInfoBullet /> Basic smoke tests should match snapshot 1`] = `
<div>
  <div
    class="get_sprinkles_alignItems_center__eiij7b2 get_sprinkles_display_flex_mobile__eiij7bb0 get_sprinkles_gap_space_4_mobile__eiij7bco get_sprinkles_marginBottom_space_4__eiij7b4q"
  >
    <div
      class="get_sprinkles_flexShrink_0__eiij7b1w get_sprinkles_width_space_4_mobile__eiij7bp3"
    >
      <div>
        <svg
          aria-hidden="true"
          class="svg-inline--fa fa-shapes styles_icon__1ej8lf00 get_sprinkles_color_currentColor__eiij7b1o get_sprinkles_flexShrink_0__eiij7b1w"
          data-icon="shapes"
          data-prefix="fasr"
          focusable="false"
          role="img"
          viewBox="0 0 512 512"
          xmlns="http://www.w3.org/2000/svg"
        >
          <path
            d="M160 224h55.3H360.7 416l-27.4-48L315.6 48.4 288 0 260.4 48.4 187.4 176 160 224zM288 96.7L333.3 176H242.7L288 96.7zM128 304a80 80 0 1 1 0 160 80 80 0 1 1 0-160zm0 208a128 128 0 1 0 0-256 128 128 0 1 0 0 256zM464 320V448H336V320H464zM336 272H288v48V448v48h48H464h48V448 320 272H464 336z"
            fill="currentColor"
          />
        </svg>
      </div>
    </div>
    <div>
      <div
        class="get_sprinkles_fontWeight_semibold__eiij7b2i"
      >
        Lorem ipsum dolor sit amet, consectetur adipiscing elit. Sed euismod, nunc vel tincidunt lacinia, nunc nisl aliquam nisl, eget aliquam nisl.
      </div>
      <div>
        Lorem ipsum
      </div>
    </div>
    <div
      class="get_sprinkles_flexShrink_0__eiij7b1w get_sprinkles_width_space_4_mobile__eiij7bp3"
    >
      <div>
        <svg
          aria-hidden="true"
          class="svg-inline--fa fa-shapes styles_icon__1ej8lf00 get_sprinkles_color_currentColor__eiij7b1o get_sprinkles_flexShrink_0__eiij7b1w"
          data-icon="shapes"
          data-prefix="fasr"
          focusable="false"
          role="img"
          viewBox="0 0 512 512"
          xmlns="http://www.w3.org/2000/svg"
        >
          <path
            d="M160 224h55.3H360.7 416l-27.4-48L315.6 48.4 288 0 260.4 48.4 187.4 176 160 224zM288 96.7L333.3 176H242.7L288 96.7zM128 304a80 80 0 1 1 0 160 80 80 0 1 1 0-160zm0 208a128 128 0 1 0 0-256 128 128 0 1 0 0 256zM464 320V448H336V320H464zM336 272H288v48V448v48h48H464h48V448 320 272H464 336z"
            fill="currentColor"
          />
        </svg>
      </div>
    </div>
  </div>
</div>
`;
