// Jest Snapshot v1, https://goo.gl/fbAQLP

exports[`<DialogModalForm /> Basic smoke tests should match snapshot 1`] = `
<div>
  <button
    type="button"
  >
    Open
  </button>
  <div
    class="color_palette_variantColorOverlay_default__13r5x7fh get_sprinkles_position_relative_mobile__eiij7bml"
  >
    <button
      class="styles_getButtonStyles__1yqzeadk a11y_a11yFocus__r8he5t2 a11y_a11yDisabled__r8he5t1 styles__1yqzeadj get_sprinkles_alignItems_center__eiij7b2 get_sprinkles_borderRadius_sm__eiij7b10 get_sprinkles_display_inline-flex_mobile__eiij7bbc get_sprinkles_gap_space_2_mobile__eiij7bci get_sprinkles_textDecoration_none__eiij7ban styles_getButtonStyles_appearance_primary__1yqzeadn styles_variantAppearance_primary__1yqzeadg styles__1yqzeadb get_sprinkles_fontWeight_normal__eiij7b2h get_sprinkles_justifyContent_center__eiij7b3h get_sprinkles_whiteSpace_nowrap__eiij7bat styles_getButtonStyles_size_md__1yqzeadr styles_variantButtonSize_md__1yqzead4 element_size_elementFontSize_md__1f6zrv4 element_size__1f6zrv1 get_sprinkles_fontSize_body_md__eiij7b21 get_sprinkles_lineHeight_body_md__eiij7b3n styles_getButtonStyles_compound_1__1yqzeadx element_size_elementPadding_md__1f6zrva element_size__1f6zrv7 get_sprinkles_paddingLeft_space_3_mobile__eiij7bif get_sprinkles_paddingRight_space_3_mobile__eiij7bk0 get_sprinkles_paddingTop_space_2_mobile__eiij7bli get_sprinkles_paddingBottom_space_2_mobile__eiij7bgr"
      name="dialog_trigger"
      type="button"
    >
      <div
        class="get_sprinkles_alignItems_center__eiij7b2 get_sprinkles_display_flex_mobile__eiij7bb0 get_sprinkles_gap_space_2_mobile__eiij7bci get_sprinkles_color_inherit__eiij7b1p"
      >
        Open dialog
      </div>
    </button>
    <dialog
      class="styles_dialogModalOuterStyle__xbhn3g1 animations_animateSlideUp__apgy14 styles__xbhn3g0 get_sprinkles_marginLeft_auto__eiij7b51 get_sprinkles_marginRight_auto__eiij7b5k get_sprinkles_background_background__eiij7ba get_sprinkles_borderRadius_lg__eiij7bx get_sprinkles_padding_none_mobile__eiij7ber"
    >
      <form
        class="styles_getDialogModalInnerStyle__bryhpl3 styles__bryhpl2 get_sprinkles_display_flex_mobile__eiij7bb0 get_sprinkles_flexDirection_column_mobile__eiij7bbr get_sprinkles_maxWidth_100vw__eiij7b7k get_sprinkles_padding_none_mobile__eiij7ber get_sprinkles_width_100vw_mobile__eiij7bn6 styles_getDialogModalInnerStyle_width_sm__bryhpl5 styles_variantWidth_sm__bryhpl1"
      >
        <div
          class="styles_dialogHeaderStyle__7f53ve1 styles__7f53ve0 get_sprinkles_alignItems_center__eiij7b2 get_sprinkles_borderBottom_border_default__eiij7bt get_sprinkles_display_flex_mobile__eiij7bb0 get_sprinkles_justifyContent_space-between__eiij7b3k get_sprinkles_maxWidth_100%__eiij7b7j get_sprinkles_padding_space_4_mobile__eiij7bfc"
        >
          <h3
            class="styles_dialogTitleStyle__7f53ve3 styles__7f53ve2 get_sprinkles_marginTop_none__eiij7b64 get_sprinkles_marginBottom_none__eiij7b4j get_sprinkles_fontWeight_semibold__eiij7b2i"
          >
            Dialog modal form
          </h3>
          <button
            aria-label="Close"
            class="styles_getButtonStyles__1yqzeadk a11y_a11yFocus__r8he5t2 a11y_a11yDisabled__r8he5t1 styles__1yqzeadj get_sprinkles_alignItems_center__eiij7b2 get_sprinkles_borderRadius_sm__eiij7b10 get_sprinkles_display_inline-flex_mobile__eiij7bbc get_sprinkles_gap_space_2_mobile__eiij7bci get_sprinkles_textDecoration_none__eiij7ban styles_getButtonStyles_appearance_ghost__1yqzeadl styles_variantAppearance_ghost__1yqzeade styles__1yqzead9 get_sprinkles_fontWeight_normal__eiij7b2h get_sprinkles_justifyContent_center__eiij7b3h get_sprinkles_whiteSpace_nowrap__eiij7bat styles_getButtonStyles_size_square_md__1yqzeadt styles_variantButtonSize_square_md__1yqzead6 styles__1yqzead0 get_sprinkles_fontSize_body_md__eiij7b21 get_sprinkles_lineHeight_body_md__eiij7b3n get_sprinkles_aspectRatio_square__eiij7b6 get_sprinkles_flexShrink_0__eiij7b1w get_sprinkles_height_space_10__eiij7b36 get_sprinkles_width_space_10_mobile__eiij7bpf get_sprinkles_marginLeft_auto__eiij7b51"
            name="close"
            type="button"
          >
            <div
              class="get_sprinkles_alignItems_center__eiij7b2 get_sprinkles_display_flex_mobile__eiij7bb0 get_sprinkles_gap_space_2_mobile__eiij7bci get_sprinkles_color_inherit__eiij7b1p"
            >
              <div
                class="styles_getSlotStyles__hlxmy27 styles__hlxmy26 get_sprinkles_alignItems_center__eiij7b2 get_sprinkles_color_text_low_contrast__eiij7b1k get_sprinkles_display_flex_mobile__eiij7bb0 get_sprinkles_justifyContent_center__eiij7b3h get_sprinkles_color_inherit__eiij7b1p get_sprinkles_flexShrink_0__eiij7b1w"
              >
                <svg
                  aria-hidden="true"
                  class="svg-inline--fa fa-xmark styles_icon__1ej8lf00 get_sprinkles_color_currentColor__eiij7b1o get_sprinkles_flexShrink_0__eiij7b1w"
                  data-icon="xmark"
                  data-prefix="fasr"
                  focusable="false"
                  role="img"
                  viewBox="0 0 384 512"
                  xmlns="http://www.w3.org/2000/svg"
                >
                  <path
                    d="M345 137l17-17L328 86.1l-17 17-119 119L73 103l-17-17L22.1 120l17 17 119 119L39 375l-17 17L56 425.9l17-17 119-119L311 409l17 17L361.9 392l-17-17-119-119L345 137z"
                    fill="currentColor"
                  />
                </svg>
              </div>
            </div>
          </button>
        </div>
        <div
          class="styles_dialogContentOuterStyle__l8uldv1 styles__l8uldv0 get_sprinkles_maxWidth_100%__eiij7b7j get_sprinkles_overflowY_auto__eiij7bah get_sprinkles_width_100%_mobile__eiij7bn3"
        >
          <div
            class="styles_getDialogContentInnerStyle__l8uldv4 styles__l8uldv2 get_sprinkles_height_100%__eiij7b2r styles_getDialogContentInnerStyle_hasPadding_true__l8uldv6 styles__l8uldv3 get_sprinkles_padding_space_4_mobile__eiij7bfc"
          >
            <div
              class="get_sprinkles_color_text_low_contrast__eiij7b1k get_sprinkles_position_relative_mobile__eiij7bml"
            >
              <label
                class="get_sprinkles_alignItems_center__eiij7b2 get_sprinkles_color_text_low_contrast__eiij7b1k get_sprinkles_display_flex_mobile__eiij7bb0 get_sprinkles_fontSize_body_sm__eiij7b22 get_sprinkles_fontWeight_normal__eiij7b2h get_sprinkles_gap_space_1_mobile__eiij7bcf get_sprinkles_marginBottom_space_1__eiij7b4n"
                for="email"
              >
                Email label
              </label>
              <div
                class="get_sprinkles_position_relative_mobile__eiij7bml"
              >
                <input
                  class="styles_getInputStyles__1i5hpgs6 styles__1i5hpgs5 get_sprinkles_width_100%_mobile__eiij7bn3 a11y_a11yDisabled__r8he5t1 styles_getInputStyles_hasBorder_true__1i5hpgs8 styles_hasBorder_true__1i5hpgs4 styles_getInputStyles_size_md__1i5hpgsa styles_size_md__1i5hpgs1 element_size_elementFontSize_md__1f6zrv4 element_size__1f6zrv1 get_sprinkles_fontSize_body_md__eiij7b21 get_sprinkles_lineHeight_body_md__eiij7b3n element_size_elementPadding_md__1f6zrva element_size__1f6zrv7 get_sprinkles_paddingLeft_space_3_mobile__eiij7bif get_sprinkles_paddingRight_space_3_mobile__eiij7bk0 get_sprinkles_paddingTop_space_2_mobile__eiij7bli get_sprinkles_paddingBottom_space_2_mobile__eiij7bgr"
                  id="email"
                  name="email"
                  placeholder="Enter your email address"
                  value=""
                />
              </div>
            </div>
            <div
              class="get_sprinkles_color_text_low_contrast__eiij7b1k get_sprinkles_position_relative_mobile__eiij7bml"
            >
              <label
                class="get_sprinkles_alignItems_center__eiij7b2 get_sprinkles_color_text_low_contrast__eiij7b1k get_sprinkles_display_flex_mobile__eiij7bb0 get_sprinkles_fontSize_body_sm__eiij7b22 get_sprinkles_fontWeight_normal__eiij7b2h get_sprinkles_gap_space_1_mobile__eiij7bcf get_sprinkles_marginBottom_space_1__eiij7b4n"
                for="description"
              >
                Description label
              </label>
              <div
                class="get_sprinkles_alignItems_start__eiij7b1 get_sprinkles_display_flex_mobile__eiij7bb0 get_sprinkles_gap_space_2_mobile__eiij7bci"
              >
                <textarea
                  aria-invalid="false"
                  aria-label="Description label"
                  class="styles_getTextAreaStyles__jyp1w4 styles__jyp1w3 get_sprinkles_width_100%_mobile__eiij7bn3 a11y_a11yDisabled__r8he5t1 a11y_a11yFocus__r8he5t2 styles_getTextAreaStyles_size_md__jyp1w6 styles_size_md__jyp1w1 element_size_elementFontSize_md__1f6zrv4 element_size__1f6zrv1 get_sprinkles_fontSize_body_md__eiij7b21 get_sprinkles_lineHeight_body_md__eiij7b3n element_size_elementPadding_md__1f6zrva element_size__1f6zrv7 get_sprinkles_paddingLeft_space_3_mobile__eiij7bif get_sprinkles_paddingRight_space_3_mobile__eiij7bk0 get_sprinkles_paddingTop_space_2_mobile__eiij7bli get_sprinkles_paddingBottom_space_2_mobile__eiij7bgr"
                  id="description"
                  name="description"
                  placeholder="Enter your description"
                />
              </div>
            </div>
            <div>
              <div
                class="get_sprinkles_position_relative_mobile__eiij7bml"
              >
                <div
                  class="get_sprinkles_background_transparent__eiij7bp"
                >
                  <div
                    class="get_sprinkles_color_text_low_contrast__eiij7b1k get_sprinkles_position_relative_mobile__eiij7bml"
                  >
                    <label
                      class="get_sprinkles_alignItems_center__eiij7b2 get_sprinkles_color_text_low_contrast__eiij7b1k get_sprinkles_display_flex_mobile__eiij7bb0 get_sprinkles_fontSize_body_sm__eiij7b22 get_sprinkles_fontWeight_normal__eiij7b2h get_sprinkles_gap_space_1_mobile__eiij7bcf get_sprinkles_marginBottom_space_1__eiij7b4n"
                      for="select"
                      id="downshift-2-label"
                    >
                      Dropdown label
                    </label>
                    <div
                      class="get_sprinkles_position_relative_mobile__eiij7bml"
                    >
                      <input
                        aria-activedescendant=""
                        aria-autocomplete="list"
                        aria-controls="downshift-2-menu"
                        aria-expanded="false"
                        aria-labelledby="downshift-2-label"
                        autocomplete="off"
                        class="styles_getSlotRightOffsetStyles__18m4u7ii styles__18m4u7ih get_sprinkles_alignItems_center__eiij7b2 get_sprinkles_display_flex_mobile__eiij7bb0 styles_getSlotRightOffsetStyles_numSlots_1__18m4u7ij styles_getSlotRightOffsetStyles_size_md__18m4u7in styles_getSlotRightOffsetStyles_compound_3__18m4u7is styles_getInputStyles__1i5hpgs6 styles__1i5hpgs5 get_sprinkles_width_100%_mobile__eiij7bn3 a11y_a11yDisabled__r8he5t1 styles_getInputStyles_hasBorder_true__1i5hpgs8 styles_hasBorder_true__1i5hpgs4 styles_getInputStyles_size_md__1i5hpgsa styles_size_md__1i5hpgs1 element_size_elementFontSize_md__1f6zrv4 element_size__1f6zrv1 get_sprinkles_fontSize_body_md__eiij7b21 get_sprinkles_lineHeight_body_md__eiij7b3n element_size_elementPadding_md__1f6zrva element_size__1f6zrv7 get_sprinkles_paddingLeft_space_3_mobile__eiij7bif get_sprinkles_paddingRight_space_3_mobile__eiij7bk0 get_sprinkles_paddingTop_space_2_mobile__eiij7bli get_sprinkles_paddingBottom_space_2_mobile__eiij7bgr select_input.styles_selectInputCursorStyles__1bkra5a0"
                        id="select"
                        name="select"
                        placeholder="Select an option from the dropdown"
                        readonly=""
                        role="combobox"
                        value=""
                      />
                      <div
                        class="styles_getSlotContainerStyles__18m4u7i1 styles__18m4u7i0 get_sprinkles_alignItems_center__eiij7b2 get_sprinkles_bottom_0__eiij7b15 get_sprinkles_color_inherit__eiij7b1p get_sprinkles_display_flex_mobile__eiij7bb0 get_sprinkles_justifyContent_center__eiij7b3h get_sprinkles_margin_space_1__eiij7b44 get_sprinkles_position_absolute_mobile__eiij7bmo get_sprinkles_top_0__eiij7bas styles_getSlotContainerStyles_numSlots_1__18m4u7i2 styles_getSlotContainerStyles_size_md__18m4u7i6 styles_getSlotContainerStyles_compound_3__18m4u7ib get_sprinkles_right_0__eiij7bai"
                      >
                        <div
                          class="styles__18m4u7i1f get_sprinkles_alignItems_center__eiij7b2 get_sprinkles_color_inherit__eiij7b1p get_sprinkles_display_flex_mobile__eiij7bb0 get_sprinkles_flexShrink_0__eiij7b1w get_sprinkles_justifyContent_center__eiij7b3h styles_getSlotInnerStyles_size_md__18m4u7i1k styles__18m4u7i1h get_sprinkles_fontSize_body_sm__eiij7b22 get_sprinkles_lineHeight_body_sm__eiij7b3o"
                        >
                          <svg
                            aria-hidden="true"
                            class="svg-inline--fa fa-angle-down styles_icon__1ej8lf00 get_sprinkles_color_currentColor__eiij7b1o get_sprinkles_flexShrink_0__eiij7b1w"
                            data-icon="angle-down"
                            data-prefix="fasr"
                            focusable="false"
                            role="img"
                            viewBox="0 0 448 512"
                            xmlns="http://www.w3.org/2000/svg"
                          >
                            <path
                              d="M224 353.9l17-17L401 177l17-17L384 126.1l-17 17-143 143L81 143l-17-17L30.1 160l17 17L207 337l17 17z"
                              fill="currentColor"
                            />
                          </svg>
                        </div>
                      </div>
                    </div>
                  </div>
                </div>
                <dialog
                  aria-labelledby="downshift-2-label"
                  class="styles_selectItemListWrapper__tx55ph1 a11y_a11yFocus__r8he5t2 styles__tx55ph0 get_sprinkles_background_background__eiij7ba get_sprinkles_border_border_default__eiij7br get_sprinkles_borderRadius_sm__eiij7b10 get_sprinkles_boxShadow_md__eiij7b17 get_sprinkles_marginTop_space_2__eiij7b69 get_sprinkles_minWidth_100%__eiij7b9f get_sprinkles_overflowY_auto__eiij7bah get_sprinkles_width_max-content_mobile__eiij7boc styles_getDialogStyles__thg74k8 animations_animateFadeIn__apgy12 styles__thg74k7 get_sprinkles_padding_none_mobile__eiij7ber get_sprinkles_zIndex_1__eiij7baw styles_getDialogStyles_placement_bottom-start__thg74kb styles_placement_bottom-start__thg74k2 get_sprinkles_width_100%_mobile__eiij7bn3"
                  id="downshift-2-menu"
                  role="listbox"
                >
                  <div
                    class="styles_dialogContentStyles__thg74kg"
                  >
                    <li
                      aria-selected="false"
                      class="styles_getDropdownItemStyles__bu9q424 styles__bu9q423 get_sprinkles_alignItems_center__eiij7b2 get_sprinkles_color_text_high_contrast__eiij7b1j get_sprinkles_display_flex_mobile__eiij7bb0 get_sprinkles_fontWeight_normal__eiij7b2h get_sprinkles_gap_space_2_mobile__eiij7bci get_sprinkles_margin_none__eiij7b40 get_sprinkles_padding_space_2_mobile__eiij7bf6 get_sprinkles_textAlign_left__eiij7bak get_sprinkles_textDecoration_none__eiij7ban get_sprinkles_width_100%_mobile__eiij7bn3 a11y_a11yDisabled__r8he5t1 a11y_a11yFocus__r8he5t2 styles_getDropdownItemStyles_size_md__bu9q426 styles_size_md__bu9q421 element_size_elementFontSize_md__1f6zrv4 element_size__1f6zrv1 get_sprinkles_fontSize_body_md__eiij7b21 get_sprinkles_lineHeight_body_md__eiij7b3n element_size_elementPadding_md__1f6zrva element_size__1f6zrv7 get_sprinkles_paddingLeft_space_3_mobile__eiij7bif get_sprinkles_paddingRight_space_3_mobile__eiij7bk0 get_sprinkles_paddingTop_space_2_mobile__eiij7bli get_sprinkles_paddingBottom_space_2_mobile__eiij7bgr get_sprinkles_alignItems_center__eiij7b2 get_sprinkles_display_flex_mobile__eiij7bb0 get_sprinkles_gap_space_2_mobile__eiij7bci"
                      id="downshift-2-item-0"
                      role="option"
                      value="uk"
                    >
                      <div
                        class="get_sprinkles_flexShrink_0__eiij7b1w"
                      >
                        United Kingdom
                      </div>
                    </li>
                    <li
                      aria-selected="false"
                      class="styles_getDropdownItemStyles__bu9q424 styles__bu9q423 get_sprinkles_alignItems_center__eiij7b2 get_sprinkles_color_text_high_contrast__eiij7b1j get_sprinkles_display_flex_mobile__eiij7bb0 get_sprinkles_fontWeight_normal__eiij7b2h get_sprinkles_gap_space_2_mobile__eiij7bci get_sprinkles_margin_none__eiij7b40 get_sprinkles_padding_space_2_mobile__eiij7bf6 get_sprinkles_textAlign_left__eiij7bak get_sprinkles_textDecoration_none__eiij7ban get_sprinkles_width_100%_mobile__eiij7bn3 a11y_a11yDisabled__r8he5t1 a11y_a11yFocus__r8he5t2 styles_getDropdownItemStyles_size_md__bu9q426 styles_size_md__bu9q421 element_size_elementFontSize_md__1f6zrv4 element_size__1f6zrv1 get_sprinkles_fontSize_body_md__eiij7b21 get_sprinkles_lineHeight_body_md__eiij7b3n element_size_elementPadding_md__1f6zrva element_size__1f6zrv7 get_sprinkles_paddingLeft_space_3_mobile__eiij7bif get_sprinkles_paddingRight_space_3_mobile__eiij7bk0 get_sprinkles_paddingTop_space_2_mobile__eiij7bli get_sprinkles_paddingBottom_space_2_mobile__eiij7bgr get_sprinkles_alignItems_center__eiij7b2 get_sprinkles_display_flex_mobile__eiij7bb0 get_sprinkles_gap_space_2_mobile__eiij7bci"
                      id="downshift-2-item-1"
                      role="option"
                      value="fr"
                    >
                      <div
                        class="get_sprinkles_flexShrink_0__eiij7b1w"
                      >
                        France
                      </div>
                    </li>
                    <li
                      aria-selected="false"
                      class="styles_getDropdownItemStyles__bu9q424 styles__bu9q423 get_sprinkles_alignItems_center__eiij7b2 get_sprinkles_color_text_high_contrast__eiij7b1j get_sprinkles_display_flex_mobile__eiij7bb0 get_sprinkles_fontWeight_normal__eiij7b2h get_sprinkles_gap_space_2_mobile__eiij7bci get_sprinkles_margin_none__eiij7b40 get_sprinkles_padding_space_2_mobile__eiij7bf6 get_sprinkles_textAlign_left__eiij7bak get_sprinkles_textDecoration_none__eiij7ban get_sprinkles_width_100%_mobile__eiij7bn3 a11y_a11yDisabled__r8he5t1 a11y_a11yFocus__r8he5t2 styles_getDropdownItemStyles_size_md__bu9q426 styles_size_md__bu9q421 element_size_elementFontSize_md__1f6zrv4 element_size__1f6zrv1 get_sprinkles_fontSize_body_md__eiij7b21 get_sprinkles_lineHeight_body_md__eiij7b3n element_size_elementPadding_md__1f6zrva element_size__1f6zrv7 get_sprinkles_paddingLeft_space_3_mobile__eiij7bif get_sprinkles_paddingRight_space_3_mobile__eiij7bk0 get_sprinkles_paddingTop_space_2_mobile__eiij7bli get_sprinkles_paddingBottom_space_2_mobile__eiij7bgr get_sprinkles_alignItems_center__eiij7b2 get_sprinkles_display_flex_mobile__eiij7bb0 get_sprinkles_gap_space_2_mobile__eiij7bci"
                      id="downshift-2-item-2"
                      role="option"
                      value="de"
                    >
                      <div
                        class="get_sprinkles_flexShrink_0__eiij7b1w"
                      >
                        Germany
                      </div>
                    </li>
                    <li
                      aria-selected="false"
                      class="styles_getDropdownItemStyles__bu9q424 styles__bu9q423 get_sprinkles_alignItems_center__eiij7b2 get_sprinkles_color_text_high_contrast__eiij7b1j get_sprinkles_display_flex_mobile__eiij7bb0 get_sprinkles_fontWeight_normal__eiij7b2h get_sprinkles_gap_space_2_mobile__eiij7bci get_sprinkles_margin_none__eiij7b40 get_sprinkles_padding_space_2_mobile__eiij7bf6 get_sprinkles_textAlign_left__eiij7bak get_sprinkles_textDecoration_none__eiij7ban get_sprinkles_width_100%_mobile__eiij7bn3 a11y_a11yDisabled__r8he5t1 a11y_a11yFocus__r8he5t2 styles_getDropdownItemStyles_size_md__bu9q426 styles_size_md__bu9q421 element_size_elementFontSize_md__1f6zrv4 element_size__1f6zrv1 get_sprinkles_fontSize_body_md__eiij7b21 get_sprinkles_lineHeight_body_md__eiij7b3n element_size_elementPadding_md__1f6zrva element_size__1f6zrv7 get_sprinkles_paddingLeft_space_3_mobile__eiij7bif get_sprinkles_paddingRight_space_3_mobile__eiij7bk0 get_sprinkles_paddingTop_space_2_mobile__eiij7bli get_sprinkles_paddingBottom_space_2_mobile__eiij7bgr get_sprinkles_alignItems_center__eiij7b2 get_sprinkles_display_flex_mobile__eiij7bb0 get_sprinkles_gap_space_2_mobile__eiij7bci"
                      id="downshift-2-item-3"
                      role="option"
                      value="es"
                    >
                      <div
                        class="get_sprinkles_flexShrink_0__eiij7b1w"
                      >
                        Spain
                      </div>
                    </li>
                    <li
                      aria-selected="false"
                      class="styles_getDropdownItemStyles__bu9q424 styles__bu9q423 get_sprinkles_alignItems_center__eiij7b2 get_sprinkles_color_text_high_contrast__eiij7b1j get_sprinkles_display_flex_mobile__eiij7bb0 get_sprinkles_fontWeight_normal__eiij7b2h get_sprinkles_gap_space_2_mobile__eiij7bci get_sprinkles_margin_none__eiij7b40 get_sprinkles_padding_space_2_mobile__eiij7bf6 get_sprinkles_textAlign_left__eiij7bak get_sprinkles_textDecoration_none__eiij7ban get_sprinkles_width_100%_mobile__eiij7bn3 a11y_a11yDisabled__r8he5t1 a11y_a11yFocus__r8he5t2 styles_getDropdownItemStyles_size_md__bu9q426 styles_size_md__bu9q421 element_size_elementFontSize_md__1f6zrv4 element_size__1f6zrv1 get_sprinkles_fontSize_body_md__eiij7b21 get_sprinkles_lineHeight_body_md__eiij7b3n element_size_elementPadding_md__1f6zrva element_size__1f6zrv7 get_sprinkles_paddingLeft_space_3_mobile__eiij7bif get_sprinkles_paddingRight_space_3_mobile__eiij7bk0 get_sprinkles_paddingTop_space_2_mobile__eiij7bli get_sprinkles_paddingBottom_space_2_mobile__eiij7bgr get_sprinkles_alignItems_center__eiij7b2 get_sprinkles_display_flex_mobile__eiij7bb0 get_sprinkles_gap_space_2_mobile__eiij7bci"
                      id="downshift-2-item-4"
                      role="option"
                      value="gb"
                    >
                      <div
                        class="get_sprinkles_flexShrink_0__eiij7b1w"
                      >
                        The United Kingdom of Great Britain and Northern Ireland
                      </div>
                    </li>
                    <li
                      aria-selected="false"
                      class="styles_getDropdownItemStyles__bu9q424 styles__bu9q423 get_sprinkles_alignItems_center__eiij7b2 get_sprinkles_color_text_high_contrast__eiij7b1j get_sprinkles_display_flex_mobile__eiij7bb0 get_sprinkles_fontWeight_normal__eiij7b2h get_sprinkles_gap_space_2_mobile__eiij7bci get_sprinkles_margin_none__eiij7b40 get_sprinkles_padding_space_2_mobile__eiij7bf6 get_sprinkles_textAlign_left__eiij7bak get_sprinkles_textDecoration_none__eiij7ban get_sprinkles_width_100%_mobile__eiij7bn3 a11y_a11yDisabled__r8he5t1 a11y_a11yFocus__r8he5t2 styles_getDropdownItemStyles_size_md__bu9q426 styles_size_md__bu9q421 element_size_elementFontSize_md__1f6zrv4 element_size__1f6zrv1 get_sprinkles_fontSize_body_md__eiij7b21 get_sprinkles_lineHeight_body_md__eiij7b3n element_size_elementPadding_md__1f6zrva element_size__1f6zrv7 get_sprinkles_paddingLeft_space_3_mobile__eiij7bif get_sprinkles_paddingRight_space_3_mobile__eiij7bk0 get_sprinkles_paddingTop_space_2_mobile__eiij7bli get_sprinkles_paddingBottom_space_2_mobile__eiij7bgr get_sprinkles_alignItems_center__eiij7b2 get_sprinkles_display_flex_mobile__eiij7bb0 get_sprinkles_gap_space_2_mobile__eiij7bci"
                      id="downshift-2-item-5"
                      role="option"
                      value="it"
                    >
                      <div
                        class="get_sprinkles_flexShrink_0__eiij7b1w"
                      >
                        Italy
                      </div>
                    </li>
                    <li
                      aria-selected="false"
                      class="styles_getDropdownItemStyles__bu9q424 styles__bu9q423 get_sprinkles_alignItems_center__eiij7b2 get_sprinkles_color_text_high_contrast__eiij7b1j get_sprinkles_display_flex_mobile__eiij7bb0 get_sprinkles_fontWeight_normal__eiij7b2h get_sprinkles_gap_space_2_mobile__eiij7bci get_sprinkles_margin_none__eiij7b40 get_sprinkles_padding_space_2_mobile__eiij7bf6 get_sprinkles_textAlign_left__eiij7bak get_sprinkles_textDecoration_none__eiij7ban get_sprinkles_width_100%_mobile__eiij7bn3 a11y_a11yDisabled__r8he5t1 a11y_a11yFocus__r8he5t2 styles_getDropdownItemStyles_size_md__bu9q426 styles_size_md__bu9q421 element_size_elementFontSize_md__1f6zrv4 element_size__1f6zrv1 get_sprinkles_fontSize_body_md__eiij7b21 get_sprinkles_lineHeight_body_md__eiij7b3n element_size_elementPadding_md__1f6zrva element_size__1f6zrv7 get_sprinkles_paddingLeft_space_3_mobile__eiij7bif get_sprinkles_paddingRight_space_3_mobile__eiij7bk0 get_sprinkles_paddingTop_space_2_mobile__eiij7bli get_sprinkles_paddingBottom_space_2_mobile__eiij7bgr get_sprinkles_alignItems_center__eiij7b2 get_sprinkles_display_flex_mobile__eiij7bb0 get_sprinkles_gap_space_2_mobile__eiij7bci"
                      id="downshift-2-item-6"
                      role="option"
                      value="pt"
                    >
                      <div
                        class="get_sprinkles_flexShrink_0__eiij7b1w"
                      >
                        Portugal
                      </div>
                    </li>
                    <li
                      aria-selected="false"
                      class="styles_getDropdownItemStyles__bu9q424 styles__bu9q423 get_sprinkles_alignItems_center__eiij7b2 get_sprinkles_color_text_high_contrast__eiij7b1j get_sprinkles_display_flex_mobile__eiij7bb0 get_sprinkles_fontWeight_normal__eiij7b2h get_sprinkles_gap_space_2_mobile__eiij7bci get_sprinkles_margin_none__eiij7b40 get_sprinkles_padding_space_2_mobile__eiij7bf6 get_sprinkles_textAlign_left__eiij7bak get_sprinkles_textDecoration_none__eiij7ban get_sprinkles_width_100%_mobile__eiij7bn3 a11y_a11yDisabled__r8he5t1 a11y_a11yFocus__r8he5t2 styles_getDropdownItemStyles_size_md__bu9q426 styles_size_md__bu9q421 element_size_elementFontSize_md__1f6zrv4 element_size__1f6zrv1 get_sprinkles_fontSize_body_md__eiij7b21 get_sprinkles_lineHeight_body_md__eiij7b3n element_size_elementPadding_md__1f6zrva element_size__1f6zrv7 get_sprinkles_paddingLeft_space_3_mobile__eiij7bif get_sprinkles_paddingRight_space_3_mobile__eiij7bk0 get_sprinkles_paddingTop_space_2_mobile__eiij7bli get_sprinkles_paddingBottom_space_2_mobile__eiij7bgr get_sprinkles_alignItems_center__eiij7b2 get_sprinkles_display_flex_mobile__eiij7bb0 get_sprinkles_gap_space_2_mobile__eiij7bci"
                      id="downshift-2-item-7"
                      role="option"
                      value="us"
                    >
                      <div
                        class="get_sprinkles_flexShrink_0__eiij7b1w"
                      >
                        United States
                      </div>
                    </li>
                    <li
                      aria-selected="false"
                      class="styles_getDropdownItemStyles__bu9q424 styles__bu9q423 get_sprinkles_alignItems_center__eiij7b2 get_sprinkles_color_text_high_contrast__eiij7b1j get_sprinkles_display_flex_mobile__eiij7bb0 get_sprinkles_fontWeight_normal__eiij7b2h get_sprinkles_gap_space_2_mobile__eiij7bci get_sprinkles_margin_none__eiij7b40 get_sprinkles_padding_space_2_mobile__eiij7bf6 get_sprinkles_textAlign_left__eiij7bak get_sprinkles_textDecoration_none__eiij7ban get_sprinkles_width_100%_mobile__eiij7bn3 a11y_a11yDisabled__r8he5t1 a11y_a11yFocus__r8he5t2 styles_getDropdownItemStyles_size_md__bu9q426 styles_size_md__bu9q421 element_size_elementFontSize_md__1f6zrv4 element_size__1f6zrv1 get_sprinkles_fontSize_body_md__eiij7b21 get_sprinkles_lineHeight_body_md__eiij7b3n element_size_elementPadding_md__1f6zrva element_size__1f6zrv7 get_sprinkles_paddingLeft_space_3_mobile__eiij7bif get_sprinkles_paddingRight_space_3_mobile__eiij7bk0 get_sprinkles_paddingTop_space_2_mobile__eiij7bli get_sprinkles_paddingBottom_space_2_mobile__eiij7bgr get_sprinkles_alignItems_center__eiij7b2 get_sprinkles_display_flex_mobile__eiij7bb0 get_sprinkles_gap_space_2_mobile__eiij7bci"
                      id="downshift-2-item-8"
                      role="option"
                      value="ca"
                    >
                      <div
                        class="get_sprinkles_flexShrink_0__eiij7b1w"
                      >
                        Canada
                      </div>
                    </li>
                    <li
                      aria-selected="false"
                      class="styles_getDropdownItemStyles__bu9q424 styles__bu9q423 get_sprinkles_alignItems_center__eiij7b2 get_sprinkles_color_text_high_contrast__eiij7b1j get_sprinkles_display_flex_mobile__eiij7bb0 get_sprinkles_fontWeight_normal__eiij7b2h get_sprinkles_gap_space_2_mobile__eiij7bci get_sprinkles_margin_none__eiij7b40 get_sprinkles_padding_space_2_mobile__eiij7bf6 get_sprinkles_textAlign_left__eiij7bak get_sprinkles_textDecoration_none__eiij7ban get_sprinkles_width_100%_mobile__eiij7bn3 a11y_a11yDisabled__r8he5t1 a11y_a11yFocus__r8he5t2 styles_getDropdownItemStyles_size_md__bu9q426 styles_size_md__bu9q421 element_size_elementFontSize_md__1f6zrv4 element_size__1f6zrv1 get_sprinkles_fontSize_body_md__eiij7b21 get_sprinkles_lineHeight_body_md__eiij7b3n element_size_elementPadding_md__1f6zrva element_size__1f6zrv7 get_sprinkles_paddingLeft_space_3_mobile__eiij7bif get_sprinkles_paddingRight_space_3_mobile__eiij7bk0 get_sprinkles_paddingTop_space_2_mobile__eiij7bli get_sprinkles_paddingBottom_space_2_mobile__eiij7bgr get_sprinkles_alignItems_center__eiij7b2 get_sprinkles_display_flex_mobile__eiij7bb0 get_sprinkles_gap_space_2_mobile__eiij7bci"
                      id="downshift-2-item-9"
                      role="option"
                      value="au"
                    >
                      <div
                        class="get_sprinkles_flexShrink_0__eiij7b1w"
                      >
                        Australia
                      </div>
                    </li>
                  </div>
                </dialog>
              </div>
            </div>
            <div>
              <label
                class="styles_getGroupLabelStyles__1h8r4ks0 get_sprinkles_alignItems_center__eiij7b2 get_sprinkles_color_text_low_contrast__eiij7b1k get_sprinkles_display_flex_mobile__eiij7bb0 get_sprinkles_fontSize_body_sm__eiij7b22 get_sprinkles_fontWeight_normal__eiij7b2h get_sprinkles_gap_space_1_mobile__eiij7bcf get_sprinkles_marginBottom_space_1__eiij7b4n"
                for="select"
                id="label-select"
              >
                Dropdown label
              </label>
              <fieldset
                aria-labelledby="label-select"
                class="get_sprinkles_display_flex_mobile__eiij7bb0 get_sprinkles_flexDirection_column_mobile__eiij7bbr get_sprinkles_gap_space_2_mobile__eiij7bci"
                id="select"
                name="radio"
              >
                <div
                  class="styles_radioButtonWrapperStyles__153wotw1 styles__153wotw0 get_sprinkles_alignItems_start__eiij7b1 get_sprinkles_borderRadius_sm__eiij7b10 get_sprinkles_display_flex_mobile__eiij7bb0 get_sprinkles_gap_space_2_mobile__eiij7bci"
                >
                  <input
                    class="styles_radioButtonInputStyles__153wotw3 a11y_a11yFocus__r8he5t2 styles__153wotw2 get_sprinkles_borderRadius_50%__eiij7bw get_sprinkles_marginTop_space_2__eiij7b69"
                    id="radio-radio_item_1"
                    name="radio"
                    type="radio"
                    value="radio_item_1"
                  />
                  <label
                    class="styles_radioButtonLabelStyles__153wotw4 get_sprinkles_position_relative_mobile__eiij7bml"
                    for="radio-radio_item_1"
                  >
                    <div>
                      Radio item 1
                    </div>
                    <div
                      class="get_sprinkles_color_text_low_contrast__eiij7b1k"
                    >
                      Lorem ipsum
                    </div>
                  </label>
                </div>
                <div
                  class="styles_radioButtonWrapperStyles__153wotw1 styles__153wotw0 get_sprinkles_alignItems_start__eiij7b1 get_sprinkles_borderRadius_sm__eiij7b10 get_sprinkles_display_flex_mobile__eiij7bb0 get_sprinkles_gap_space_2_mobile__eiij7bci"
                >
                  <input
                    class="styles_radioButtonInputStyles__153wotw3 a11y_a11yFocus__r8he5t2 styles__153wotw2 get_sprinkles_borderRadius_50%__eiij7bw get_sprinkles_marginTop_space_2__eiij7b69"
                    id="radio-radio_item_2"
                    name="radio"
                    type="radio"
                    value="radio_item_2"
                  />
                  <label
                    class="styles_radioButtonLabelStyles__153wotw4 get_sprinkles_position_relative_mobile__eiij7bml"
                    for="radio-radio_item_2"
                  >
                    <div>
                      Radio item 2
                    </div>
                    <div
                      class="get_sprinkles_color_text_low_contrast__eiij7b1k"
                    >
                      Lorem ipsum
                    </div>
                  </label>
                </div>
                <div
                  class="styles_radioButtonWrapperStyles__153wotw1 styles__153wotw0 get_sprinkles_alignItems_start__eiij7b1 get_sprinkles_borderRadius_sm__eiij7b10 get_sprinkles_display_flex_mobile__eiij7bb0 get_sprinkles_gap_space_2_mobile__eiij7bci"
                >
                  <input
                    class="styles_radioButtonInputStyles__153wotw3 a11y_a11yFocus__r8he5t2 styles__153wotw2 get_sprinkles_borderRadius_50%__eiij7bw get_sprinkles_marginTop_space_2__eiij7b69"
                    id="radio-radio_item_3"
                    name="radio"
                    type="radio"
                    value="radio_item_3"
                  />
                  <label
                    class="styles_radioButtonLabelStyles__153wotw4 get_sprinkles_position_relative_mobile__eiij7bml"
                    for="radio-radio_item_3"
                  >
                    <div>
                      Radio item 3
                    </div>
                    <div
                      class="get_sprinkles_color_text_low_contrast__eiij7b1k"
                    >
                      Lorem ipsum
                    </div>
                  </label>
                </div>
              </fieldset>
            </div>
          </div>
        </div>
        <div
          class="styles_dialogModalActionsWrapperStyle__1r3dwj31 styles__1r3dwj30 get_sprinkles_borderTop_border_default__eiij7b14 get_sprinkles_display_grid_mobile__eiij7bb3 get_sprinkles_gap_space_2_mobile__eiij7bci get_sprinkles_padding_space_4_mobile__eiij7bfc"
          style="grid-template-columns: repeat(1, 1fr);"
        >
          <button
            class="styles_getButtonStyles__1yqzeadk a11y_a11yFocus__r8he5t2 a11y_a11yDisabled__r8he5t1 styles__1yqzeadj get_sprinkles_alignItems_center__eiij7b2 get_sprinkles_borderRadius_sm__eiij7b10 get_sprinkles_display_inline-flex_mobile__eiij7bbc get_sprinkles_gap_space_2_mobile__eiij7bci get_sprinkles_textDecoration_none__eiij7ban styles_getButtonStyles_appearance_primary__1yqzeadn styles_variantAppearance_primary__1yqzeadg styles__1yqzeadb get_sprinkles_fontWeight_normal__eiij7b2h get_sprinkles_justifyContent_center__eiij7b3h get_sprinkles_whiteSpace_nowrap__eiij7bat styles_getButtonStyles_size_md__1yqzeadr styles_variantButtonSize_md__1yqzead4 element_size_elementFontSize_md__1f6zrv4 element_size__1f6zrv1 get_sprinkles_fontSize_body_md__eiij7b21 get_sprinkles_lineHeight_body_md__eiij7b3n styles_getButtonStyles_compound_1__1yqzeadx element_size_elementPadding_md__1f6zrva element_size__1f6zrv7 get_sprinkles_paddingLeft_space_3_mobile__eiij7bif get_sprinkles_paddingRight_space_3_mobile__eiij7bk0 get_sprinkles_paddingTop_space_2_mobile__eiij7bli get_sprinkles_paddingBottom_space_2_mobile__eiij7bgr"
            name="submit"
            type="submit"
          >
            <div
              class="get_sprinkles_alignItems_center__eiij7b2 get_sprinkles_display_flex_mobile__eiij7bb0 get_sprinkles_gap_space_2_mobile__eiij7bci get_sprinkles_color_inherit__eiij7b1p"
            >
              Submit
            </div>
          </button>
        </div>
      </form>
    </dialog>
  </div>
</div>
`;
