// Jest Snapshot v1, https://goo.gl/fbAQLP

exports[`<InputDate /> should match snapshot 1`] = `
<input
  class="styles_getSlotLeftOffsetStyles__18m4u7iz styles__18m4u7iy get_sprinkles_alignItems_center__eiij7b2 get_sprinkles_display_flex_mobile__eiij7bb0 get_sprinkles_justifyContent_center__eiij7b3h styles_getSlotLeftOffsetStyles_numSlots_1__18m4u7i10 styles_getSlotLeftOffsetStyles_size_md__18m4u7i14 styles_getSlotLeftOffsetStyles_compound_3__18m4u7i19 styles_getInputStyles__1i5hpgs6 styles__1i5hpgs5 get_sprinkles_width_100%_mobile__eiij7bn3 a11y_a11yDisabled__r8he5t1 styles_getInputStyles_hasBorder_true__1i5hpgs8 styles_hasBorder_true__1i5hpgs4 styles_getInputStyles_size_md__1i5hpgsa styles_size_md__1i5hpgs1 element_size_elementFontSize_md__1f6zrv4 element_size__1f6zrv1 get_sprinkles_fontSize_body_md__eiij7b21 get_sprinkles_lineHeight_body_md__eiij7b3n element_size_elementPadding_md__1f6zrva element_size__1f6zrv7 get_sprinkles_paddingLeft_space_3_mobile__eiij7bif get_sprinkles_paddingRight_space_3_mobile__eiij7bk0 get_sprinkles_paddingTop_space_2_mobile__eiij7bli get_sprinkles_paddingBottom_space_2_mobile__eiij7bgr styles_inputDateStyle__tedwa22"
  id="lorem-ipsum"
  name="Name ipsum"
  placeholder="Placeholder ipsum"
  readonly=""
  value=""
/>
`;
