// Jest Snapshot v1, https://goo.gl/fbAQLP

exports[`<InputDate /> Basic smoke tests should match snapshot 1`] = `
<input
  class="slot_wrapper_inset.styles_offsetSlotLeft__1r5w8or3 input.styles_getInputStyles__3x32wp7 input.styles__3x32wp6 get_sprinkles_width_100%_mobile__eiij7bgl a11y_a11yDisabled__r8he5t1 input.styles_getInputStyles_size_md__3x32wp9 input.styles_size_md__3x32wp4 element_size_elementFontSize_md__1f6zrv4 element_size__1f6zrv1 get_sprinkles_fontSize_body_md__eiij7b28 get_sprinkles_lineHeight_body_md__eiij7b3w element_size_elementPadding_md__1f6zrva element_size__1f6zrv7 get_sprinkles_paddingLeft_spacing_1.5_mobile__eiij7bdo get_sprinkles_paddingRight_spacing_1.5_mobile__eiij7bel get_sprinkles_paddingTop_spacing_1_mobile__eiij7bff get_sprinkles_paddingBottom_spacing_1_mobile__eiij7bco input.styles__3x32wp1 get_sprinkles_height_spacing_5__eiij7b3j input_date.styles_inputDate__1dufx3p0"
  name="Name ipsum"
  placeholder="Placeholder ipsum"
  readonly=""
  value=""
/>
`;
