// Jest Snapshot v1, https://goo.gl/fbAQLP

exports[`<Input /> should match snapshot 1`] = `
<input
  class="styles_getInputStyles__h166b29 styles__h166b28 get_sprinkles_width_100%_mobile__eiij7bgn a11y_a11yDisabled__r8he5t1 styles_getInputStyles_hasBorder_true__h166b2b styles_hasBorder_true__h166b27 styles_getInputStyles_size_md__h166b2d styles_size_md__h166b24 element_size_elementFontSize_md__1f6zrv4 element_size__1f6zrv1 get_sprinkles_fontSize_body_md__eiij7b21 get_sprinkles_lineHeight_body_md__eiij7b3f element_size_elementPadding_md__1f6zrva element_size__1f6zrv7 get_sprinkles_paddingLeft_spacing_1.5_mobile__eiij7bdz get_sprinkles_paddingRight_spacing_1.5_mobile__eiij7bew get_sprinkles_paddingTop_spacing_1_mobile__eiij7bfq get_sprinkles_paddingBottom_spacing_1_mobile__eiij7bcz styles__h166b21 get_sprinkles_height_spacing_5__eiij7b33"
  id="lorem-ipsum"
  name="Name ipsum"
  placeholder="Placeholder ipsum"
  value=""
/>
`;
